<?xml version="1.0" encoding="UTF-8"?>
<testsuites name="UI tests for android/Pixel_4_XL_API_28" tests="0" skipped="0" errors="0" failures="0" time="0" >
  <testsuite name="UI tests for android/Pixel_4_XL_API_28" tests="0" skipped="0" errors="0" failures="0" time="0" >
  </testsuite>
</testsuites>
